test_actual_http_mutation_order_and_bodies_stay_material (test_compare_replays.ReplayTests.test_actual_http_mutation_order_and_bodies_stay_material) ... ok
test_ambiguous_same_endpoint_overlap_is_rejected (test_compare_replays.ReplayTests.test_ambiguous_same_endpoint_overlap_is_rejected) ... ok
test_bank_response_presence_projection_remains_material (test_compare_replays.ReplayTests.test_bank_response_presence_projection_remains_material) ... ok
test_capture_arrival_order_and_verified_body_digest_normalize (test_compare_replays.ReplayTests.test_capture_arrival_order_and_verified_body_digest_normalize) ... ok
test_capture_digest_tampering_is_invalid (test_compare_replays.ReplayTests.test_capture_digest_tampering_is_invalid) ... ok
test_capture_state_changes_and_duplicates_remain_material (test_compare_replays.ReplayTests.test_capture_state_changes_and_duplicates_remain_material) ... ok
test_clock_fixture_update_preserves_relative_offset_and_mutation (test_compare_replays.ReplayTests.test_clock_fixture_update_preserves_relative_offset_and_mutation) ... ok
test_concurrent_different_endpoints_pair_by_request_identity (test_compare_replays.ReplayTests.test_concurrent_different_endpoints_pair_by_request_identity) ... ok
test_db_and_http_mutation_interleaving_stays_material (test_compare_replays.ReplayTests.test_db_and_http_mutation_interleaving_stays_material) ... ok
test_duplicate_junit_invalid (test_compare_replays.ReplayTests.test_duplicate_junit_invalid) ... ok
test_empty_junit_invalid (test_compare_replays.ReplayTests.test_empty_junit_invalid) ... ok
test_failed_junit_invalid (test_compare_replays.ReplayTests.test_failed_junit_invalid) ... ok
test_fixture_utrs_and_unknown_time_fields_remain_literal (test_compare_replays.ReplayTests.test_fixture_utrs_and_unknown_time_fields_remain_literal) ... ok
test_fts_autoincrement_ids_preserve_identity_and_money (test_compare_replays.ReplayTests.test_fts_autoincrement_ids_preserve_identity_and_money) ... ok
test_generated_id_and_clock_change_equivalent (test_compare_replays.ReplayTests.test_generated_id_and_clock_change_equivalent) ... ok
test_incomplete_phases_invalid (test_compare_replays.ReplayTests.test_incomplete_phases_invalid) ... ok
test_low_balance_cron_response_preserves_per_balance_outcome_multiset (test_compare_replays.ReplayTests.test_low_balance_cron_response_preserves_per_balance_outcome_multiset) ... ok
test_low_balance_order_rule_does_not_apply_to_other_method_or_url (test_compare_replays.ReplayTests.test_low_balance_order_rule_does_not_apply_to_other_method_or_url) ... ok
test_low_balance_rule_keeps_request_order_and_unidentified_rows (test_compare_replays.ReplayTests.test_low_balance_rule_keeps_request_order_and_unidentified_rows) ... ok
test_missing_trace_invalid (test_compare_replays.ReplayTests.test_missing_trace_invalid) ... ok
test_only_final_poll_material (test_compare_replays.ReplayTests.test_only_final_poll_material) ... ok
test_relationships_and_non_id_text_material (test_compare_replays.ReplayTests.test_relationships_and_non_id_text_material) ... ok
test_signature_nested_payload_and_multiplicity_material (test_compare_replays.ReplayTests.test_signature_nested_payload_and_multiplicity_material) ... ok
test_skipped_junit_invalid (test_compare_replays.ReplayTests.test_skipped_junit_invalid) ... ok
test_unknown_fields_http_status_request_amount_material (test_compare_replays.ReplayTests.test_unknown_fields_http_status_request_amount_material) ... ok
test_unpaired_http_invalid (test_compare_replays.ReplayTests.test_unpaired_http_invalid) ... ok

----------------------------------------------------------------------
Ran 26 tests in 0.045s

OK
